BUILD_EVIDENCE: demo_autofix_20260927
BUILD_DATE=2026-09-27
RUN_DATE=2026-09-27
PROFILE=vehicle-output
COMMAND=python -B tools/verify.py --profile vehicle-output
EXIT_CODE=0
PASS: manifest/input/artifact hashes, ELF vector bases, SRAM/flash separation, shared NOLOAD RAM, kernel symbols, scheduler yield, urgent STOP retention, pin ownership, UI/fsdata source match (no /video_feed request or reverse UI path), MOTOR_PHYSICAL_OUTPUT_ENABLE=1, loopback test task absent
MANIFEST_SHA256 F3952EB154ACC0F0DEE2D568825A4145BE27A44AA0983C79FF34850012B082E3
{
  "CPU0": {
    "initial_sp": "0x22047cc0",
    "reset": "0x2009479",
    "elf_bytes": 22956004
  },
  "CPU1": {
    "initial_sp": "0x22181020",
    "reset": "0x20f4e51",
    "elf_bytes": 971524
  }
}
